// Jest Snapshot v1, https://goo.gl/fbAQLP

exports[`CloseIcon should render correctly 1`] = `
<svg
  height="1em"
  id="Layer_1"
  viewBox="0 0 96 96"
  xmlns="http://www.w3.org/2000/svg"
>
  <polygon
    fill="#333333"
    points="96,14 82,0 48,34 14,0 0,14 34,48 0,82 14,96 48,62 82,96 96,82 62,48"
  />
</svg>
`;
